mode: set
avito/internal/api/auth.go:30.2,36.16 1 1
avito/internal/api/auth.go:37.3,38.1 1 1
avito/internal/api/auth.go:40.2,40.12 1 1
avito/internal/api/auth.go:45.2,46.1 3 1
avito/internal/api/auth.go:47.2,48.1 3 1
avito/internal/api/auth.go:49.2,49.61 3 1
avito/internal/api/auth.go:50.3,53.1 3 1
avito/internal/api/auth.go:55.2,55.42 1 1
avito/internal/api/auth.go:56.3,59.1 3 1
avito/internal/api/auth.go:61.2,62.1 2 1
avito/internal/api/auth.go:63.2,63.9 2 1
avito/internal/api/auth.go:65.3,66.9 2 1
avito/internal/api/auth.go:68.3,70.9 3 1
avito/internal/api/auth.go:73.2,74.1 2 1
avito/internal/api/auth.go:75.2,77.17 2 1
avito/internal/api/auth.go:78.3,80.1 2 0
avito/internal/api/buy.go:13.2,14.1 3 1
avito/internal/api/buy.go:15.2,16.9 3 1
avito/internal/api/buy.go:17.3,20.1 3 1
avito/internal/api/buy.go:22.2,23.1 3 1
avito/internal/api/buy.go:24.2,25.1 3 1
avito/internal/api/buy.go:26.2,26.9 3 1
avito/internal/api/buy.go:28.3,30.9 3 1
avito/internal/api/buy.go:32.3,34.9 3 1
avito/internal/api/buy.go:36.3,38.9 3 1
avito/internal/api/buy.go:41.2,41.30 1 1
avito/internal/api/handler.go:18.2,21.1 1 1
avito/internal/api/info.go:20.2,21.1 3 1
avito/internal/api/info.go:22.2,23.9 3 1
avito/internal/api/info.go:24.3,27.1 3 1
avito/internal/api/info.go:29.2,33.16 2 1
avito/internal/api/info.go:34.3,37.1 3 1
avito/internal/api/info.go:39.2,40.1 3 1
avito/internal/api/info.go:41.2,46.16 3 1
avito/internal/api/info.go:47.3,48.1 1 0
avito/internal/api/send.go:21.2,22.1 4 1
avito/internal/api/send.go:23.2,24.1 4 1
avito/internal/api/send.go:25.2,26.9 4 1
avito/internal/api/send.go:27.3,30.1 3 1
avito/internal/api/send.go:32.2,32.61 1 1
avito/internal/api/send.go:33.3,35.1 2 1
avito/internal/api/send.go:37.2,41.16 1 1
avito/internal/api/send.go:42.3,45.1 3 1
avito/internal/api/send.go:47.2,48.1 2 1
avito/internal/api/send.go:49.2,49.9 2 1
avito/internal/api/send.go:51.3,52.9 2 0
avito/internal/api/send.go:54.3,55.9 2 1
avito/internal/api/send.go:57.3,58.9 2 1
avito/internal/api/send.go:60.3,61.9 2 1
avito/internal/api/send.go:64.2,64.30 1 1
